Checking section frontmatter...
Frontmatter check passed.
uv run python ../scripts/render_manuscript_jinja.py --repo-root .. --manuscript-dir manuscript --out-dir manuscript/build/rendered_sections --context-out manuscript/build/manuscript_context.json
{
  "rendered_count": 9,
  "rendered": [
    {
      "source": "<REPO_ROOT>/manuscript/sections/01_title.md",
      "rendered": "<REPO_ROOT>/manuscript/build/rendered_sections/01_title.md"
    },
    {
      "source": "<REPO_ROOT>/manuscript/sections/01a_abstract.md",
      "rendered": "<REPO_ROOT>/manuscript/build/rendered_sections/01a_abstract.md"
    },
    {
      "source": "<REPO_ROOT>/manuscript/sections/02_question.md",
      "rendered": "<REPO_ROOT>/manuscript/build/rendered_sections/02_question.md"
    },
    {
      "source": "<REPO_ROOT>/manuscript/sections/03_methodology.md",
      "rendered": "<REPO_ROOT>/manuscript/build/rendered_sections/03_methodology.md"
    },
    {
      "source": "<REPO_ROOT>/manuscript/sections/03_results.md",
      "rendered": "<REPO_ROOT>/manuscript/build/rendered_sections/03_results.md"
    },
    {
      "source": "<REPO_ROOT>/manuscript/sections/04_significance.md",
      "rendered": "<REPO_ROOT>/manuscript/build/rendered_sections/04_significance.md"
    },
    {
      "source": "<REPO_ROOT>/manuscript/sections/05_data_availability.md",
      "rendered": "<REPO_ROOT>/manuscript/build/rendered_sections/05_data_availability.md"
    },
    {
      "source": "<REPO_ROOT>/manuscript/sections/06_acknowledgments.md",
      "rendered": "<REPO_ROOT>/manuscript/build/rendered_sections/06_acknowledgments.md"
    },
    {
      "source": "<REPO_ROOT>/manuscript/sections/07_appendix.md",
      "rendered": "<REPO_ROOT>/manuscript/build/rendered_sections/07_appendix.md"
    }
  ],
  "context": "<REPO_ROOT>/manuscript/build/manuscript_context.json",
  "generated_utc": "2026-06-06T09:32:54Z"
}
Creating combined manuscript file (frontmatter-safe)...
