Loading weights:   0%|          | 0/199 [00:00<?, ?it/s]Loading weights: 100%|██████████| 199/199 [00:00<00:00, 4833.07it/s]
[  V] Samuel Gonzalez Westling (V)   -> centre (0.2370)
[  S] Olle Thorell (S)               -> centre_right (0.1805)
[  S] Olle Thorell (S)               -> far_right (0.5082)
[  C] Fredrik Lindstål (C)           -> far_right (0.2660)
[ SD] Runar Filper (SD)              -> centre_left (0.4382)
[  V] Tony Haddou (V)                -> centre (0.4889)
[  V] Jonas Sjöstedt (V)             -> right (0.4049)
[  S] Eva-Lena Jansson (S)           -> far_right (0.2529)
[  V] Stig Henriksson (V)            -> right (0.3453)
[  V] Ulla Andersson (V)             -> centre_left (0.3943)
[ SD] Mattias Karlsson (SD)          -> far_right (0.3932)
[  S] Eva-Lena Jansson (S)           -> centre_right (0.3959)
[  S] Statsrådet Anders Ygeman (S)   -> far_right (0.7463)
[  S] Eva-Lena Jansson (S)           -> centre (0.4013)
[  V] Birger Lahti (V)               -> far_left (0.2068)
[  S] Olle Thorell (S)               -> centre_left (0.2353)
[  V] Nooshi Dadgostar (V)           -> far_right (0.3958)
[  S] Olle Thorell (S)               -> left (0.3205)
[  S] Olle Thorell (S)               -> centre (0.4990)
[  S] Malin Larsson (S)              -> centre (0.7448)
[ SD] David Perez (SD)               -> centre_right (0.2002)
[  S] Johan Büser (S)                -> centre_right (0.2893)
[ SD] Markus Wiechel (SD)            -> far_right (0.4717)
[ SD] Ludvig Aspling (SD)            -> centre_right (0.2880)
[  V] Nooshi Dadgostar (V)           -> centre (0.3843)
[  M] Justitieministern Gunnar Strömmer (M) -> centre (0.3898)
[  S] Ola Möller (S)                 -> far_right (0.3941)
[ KD] Energi- och näringsministern Ebba Busch (KD) -> centre_right (0.7412)
[  S] Eva-Lena Jansson (S)           -> centre_right (0.5593)
[ SD] Jeff Ahl (SD)                  -> centre (0.3896)
[  S] Eva-Lena Jansson (S)           -> left (0.7550)
[ SD] Eric Palmqvist (SD)            -> centre (0.2238)
[  C] Annie Lööf (C)                 -> centre_left (0.4044)
[  S] Infrastrukturministern Tomas Eneroth (S) -> far_right (0.4257)
[ SD] Per Ramhorn (SD)               -> far_right (0.2950)
[ SD] Jonas Andersson (SD)           -> centre (0.4666)
[  V] Lorena Delgado Varas (V)       -> centre_left (0.3399)
[  V] Jens Holm (V)                  -> far_right (0.4502)
[ SD] Olle Felten (SD)               -> centre (0.3932)
[  L] Allan Widman (L)               -> centre (0.4036)
