Using predictions file: logs/speech_eval_preds_isotonic_20260528T211758Z.parquet
Baseline accuracy: 0.3806475903614458
Baseline NLL: 1.6967861352760023
Baseline classification report:

              precision    recall  f1-score   support

    far_left       0.50      0.01      0.01       264
        left       0.75      0.02      0.04       142
 centre_left       0.50      0.01      0.01       309
      centre       0.38      0.95      0.54       972
centre_right       0.00      0.00      0.00       233
       right       1.00      0.00      0.01       314
   far_right       0.43      0.20      0.27       422

    accuracy                           0.38      2656
   macro avg       0.51      0.17      0.13      2656
weighted avg       0.47      0.38      0.25      2656

Best temperature: 0.9808, NLL: 1.6968
Temp-scaled accuracy: 0.3806475903614458
Temp-scaled NLL: 1.6968088189581991
Temp-scaled classification report:

              precision    recall  f1-score   support

    far_left       0.50      0.01      0.01       264
        left       0.75      0.02      0.04       142
 centre_left       0.50      0.01      0.01       309
      centre       0.38      0.95      0.54       972
centre_right       0.00      0.00      0.00       233
       right       1.00      0.00      0.01       314
   far_right       0.43      0.20      0.27       422

    accuracy                           0.38      2656
   macro avg       0.51      0.17      0.13      2656
weighted avg       0.47      0.38      0.25      2656

Isotonic accuracy: 0.3821536144578313
Isotonic NLL: 1.675068698802146
Isotonic classification report:

              precision    recall  f1-score   support

    far_left       0.43      0.01      0.02       264
        left       0.62      0.04      0.07       142
 centre_left       0.50      0.01      0.01       309
      centre       0.38      0.94      0.54       972
centre_right       1.00      0.00      0.01       233
       right       1.00      0.00      0.01       314
   far_right       0.43      0.21      0.29       422

    accuracy                           0.38      2656
   macro avg       0.62      0.17      0.13      2656
weighted avg       0.55      0.38      0.25      2656


Outputs saved:
Baseline confusion: figures/calibration_confusion_baseline_20260603T124123Z.png
Temp confusion: figures/calibration_confusion_temp_20260603T124123Z.png
Iso confusion: figures/calibration_confusion_iso_20260603T124123Z.png
Baseline reliability: figures/calibration_reliability_baseline_20260603T124123Z.png
Temp reliability: figures/calibration_reliability_temp_20260603T124123Z.png
Iso reliability: figures/calibration_reliability_iso_20260603T124123Z.png
Temp calibrated preds: logs/speech_eval_preds_tempcal_20260603T124123Z.parquet
Iso calibrated preds: logs/speech_eval_preds_isotonic_20260603T124123Z.parquet
